// Jest Snapshot v1, https://goo.gl/fbAQLP

exports[`ReservationSortButton renders correctly 1`] = `
<Mutation
  mutation={
    Object {
      "definitions": Array [
        Object {
          "directives": Array [],
          "kind": "OperationDefinition",
          "name": Object {
            "kind": "Name",
            "value": "UPDATE_SORT_OPTIONS",
          },
          "operation": "mutation",
          "selectionSet": Object {
            "kind": "SelectionSet",
            "selections": Array [
              Object {
                "alias": undefined,
                "arguments": Array [
                  Object {
                    "kind": "Argument",
                    "name": Object {
                      "kind": "Name",
                      "value": "sortOptions",
                    },
                    "value": Object {
                      "kind": "Variable",
                      "name": Object {
                        "kind": "Name",
                        "value": "sortOptions",
                      },
                    },
                  },
                ],
                "directives": Array [
                  Object {
                    "arguments": Array [],
                    "kind": "Directive",
                    "name": Object {
                      "kind": "Name",
                      "value": "client",
                    },
                  },
                ],
                "kind": "Field",
                "name": Object {
                  "kind": "Name",
                  "value": "updateSortOptions",
                },
                "selectionSet": undefined,
              },
            ],
          },
          "variableDefinitions": Array [
            Object {
              "defaultValue": undefined,
              "directives": Array [],
              "kind": "VariableDefinition",
              "type": Object {
                "kind": "NonNullType",
                "type": Object {
                  "kind": "NamedType",
                  "name": Object {
                    "kind": "Name",
                    "value": "String",
                  },
                },
              },
              "variable": Object {
                "kind": "Variable",
                "name": Object {
                  "kind": "Name",
                  "value": "sortOptions",
                },
              },
            },
          ],
        },
      ],
      "kind": "Document",
      "loc": Object {
        "end": 118,
        "start": 0,
      },
    }
  }
>
  <Component />
</Mutation>
`;
